C:\Program Files\dotnet\sdk\10.0.100-preview.6.25358.103\Sdks\Microsoft.NET.Sdk\targets\Microsoft.NET.RuntimeIdentifierInference.targets(335,5): message NETSDK1057: You are using a preview version of .NET. See: https://aka.ms/dotnet-support-policy [C:\development\fractaldataworks\Developer-Kit\src\FractalDataWorks.Tools\FractalDataWorks.Tools.csproj]
C:\Program Files\dotnet\sdk\10.0.100-preview.6.25358.103\Sdks\Microsoft.NET.Sdk\targets\Microsoft.NET.RuntimeIdentifierInference.targets(335,5): message NETSDK1057: You are using a preview version of .NET. See: https://aka.ms/dotnet-support-policy [C:\development\fractaldataworks\Developer-Kit\tests\FractalDataWorks.Net.Tests\FractalDataWorks.Net.Tests.csproj]
C:\Program Files\dotnet\sdk\10.0.100-preview.6.25358.103\Sdks\Microsoft.NET.Sdk\targets\Microsoft.NET.RuntimeIdentifierInference.targets(335,5): message NETSDK1057: You are using a preview version of .NET. See: https://aka.ms/dotnet-support-policy [C:\development\fractaldataworks\Developer-Kit\src\FractalDataWorks.Services\FractalDataWorks.Services.csproj]
C:\Program Files\dotnet\sdk\10.0.100-preview.6.25358.103\Sdks\Microsoft.NET.Sdk\targets\Microsoft.NET.RuntimeIdentifierInference.targets(335,5): message NETSDK1057: You are using a preview version of .NET. See: https://aka.ms/dotnet-support-policy [C:\development\fractaldataworks\Developer-Kit\src\FractalDataWorks.Hosts\FractalDataWorks.Hosts.csproj]
C:\Program Files\dotnet\sdk\10.0.100-preview.6.25358.103\Sdks\Microsoft.NET.Sdk\targets\Microsoft.NET.RuntimeIdentifierInference.targets(335,5): message NETSDK1057: You are using a preview version of .NET. See: https://aka.ms/dotnet-support-policy [C:\development\fractaldataworks\Developer-Kit\src\FractalDataWorks.Connections.Stream\FractalDataWorks.Connections.Stream.csproj]
C:\Program Files\dotnet\sdk\10.0.100-preview.6.25358.103\Sdks\Microsoft.NET.Sdk\targets\Microsoft.NET.RuntimeIdentifierInference.targets(335,5): message NETSDK1057: You are using a preview version of .NET. See: https://aka.ms/dotnet-support-policy [C:\development\fractaldataworks\Developer-Kit\src\FractalDataWorks.Data\FractalDataWorks.Data.csproj]
C:\Program Files\dotnet\sdk\10.0.100-preview.6.25358.103\Sdks\Microsoft.NET.Sdk\targets\Microsoft.NET.RuntimeIdentifierInference.targets(335,5): message NETSDK1057: You are using a preview version of .NET. See: https://aka.ms/dotnet-support-policy [C:\development\fractaldataworks\Developer-Kit\tests\FractalDataWorks.Configuration.Tests\FractalDataWorks.Configuration.Tests.csproj]
C:\Program Files\dotnet\sdk\10.0.100-preview.6.25358.103\Sdks\Microsoft.NET.Sdk\targets\Microsoft.NET.RuntimeIdentifierInference.targets(335,5): message NETSDK1057: You are using a preview version of .NET. See: https://aka.ms/dotnet-support-policy [C:\development\fractaldataworks\Developer-Kit\src\FractalDataWorks.DependencyInjection\FractalDataWorks.DependencyInjection.csproj]
C:\Program Files\dotnet\sdk\10.0.100-preview.6.25358.103\Sdks\Microsoft.NET.Sdk\targets\Microsoft.NET.RuntimeIdentifierInference.targets(335,5): message NETSDK1057: You are using a preview version of .NET. See: https://aka.ms/dotnet-support-policy [C:\development\fractaldataworks\Developer-Kit\src\FractalDataWorks.Connections\FractalDataWorks.Connections.csproj]
C:\Program Files\dotnet\sdk\10.0.100-preview.6.25358.103\Sdks\Microsoft.NET.Sdk\targets\Microsoft.NET.RuntimeIdentifierInference.targets(335,5): message NETSDK1057: You are using a preview version of .NET. See: https://aka.ms/dotnet-support-policy [C:\development\fractaldataworks\Developer-Kit\tests\FractalDataWorks.Services.Tests\FractalDataWorks.Services.Tests.csproj]
C:\Program Files\dotnet\sdk\10.0.100-preview.6.25358.103\Sdks\Microsoft.NET.Sdk\targets\Microsoft.NET.RuntimeIdentifierInference.targets(335,5): message NETSDK1057: You are using a preview version of .NET. See: https://aka.ms/dotnet-support-policy [C:\development\fractaldataworks\Developer-Kit\tests\FractalDataWorks.Connections.Tests\FractalDataWorks.Connections.Tests.csproj]
C:\Program Files\dotnet\sdk\10.0.100-preview.6.25358.103\Sdks\Microsoft.NET.Sdk\targets\Microsoft.NET.RuntimeIdentifierInference.targets(335,5): message NETSDK1057: You are using a preview version of .NET. See: https://aka.ms/dotnet-support-policy [C:\development\fractaldataworks\Developer-Kit\src\FractalDataWorks.Configuration\FractalDataWorks.Configuration.csproj]
  FractalDataWorks.EnhancedEnums -> C:\development\fractaldataworks\Developer-Kit\src\FractalDataWorks.EnhancedEnums\bin\Beta\netstandard2.0\FractalDataWorks.EnhancedEnums.dll
  FractalDataWorks.Net -> C:\development\fractaldataworks\Developer-Kit\src\FractalDataWorks.Net\bin\Beta\netstandard2.0\FractalDataWorks.Net.dll
  FractalDataWorks.Net.Tests -> C:\development\fractaldataworks\Developer-Kit\tests\FractalDataWorks.Net.Tests\bin\Beta\net10.0\FractalDataWorks.Net.Tests.dll
  FractalDataWorks.Data -> C:\development\fractaldataworks\Developer-Kit\src\FractalDataWorks.Data\bin\Beta\net10.0\FractalDataWorks.Data.dll
  FractalDataWorks.CodeBuilder.Abstractions -> C:\development\fractaldataworks\Developer-Kit\src\FractalDataWorks.CodeBuilder.Abstractions\bin\Beta\netstandard2.0\FractalDataWorks.CodeBuilder.Abstractions.dll
  FractalDataWorks.Data.Tests -> C:\development\fractaldataworks\Developer-Kit\tests\FractalDataWorks.Data.Tests\bin\Beta\net10.0\FractalDataWorks.Data.Tests.dll
  FractalDataWorks.Configuration -> C:\development\fractaldataworks\Developer-Kit\src\FractalDataWorks.Configuration\bin\Beta\net10.0\FractalDataWorks.Configuration.dll
  FractalDataWorks.CodeBuilder -> C:\development\fractaldataworks\Developer-Kit\src\FractalDataWorks.CodeBuilder\bin\Beta\netstandard2.0\FractalDataWorks.CodeBuilder.dll
  FractalDataWorks.CodeBuilder.Tests -> C:\development\fractaldataworks\Developer-Kit\tests\FractalDataWorks.CodeBuilder.Tests\bin\Beta\net10.0\FractalDataWorks.CodeBuilder.Tests.dll
C:\development\fractaldataworks\Developer-Kit\tests\FractalDataWorks.Configuration.Tests\ConfigurationProviderBaseTests.cs(373,17): error CA1816: Change ConfigurationProviderBaseTests.Dispose() to call GC.SuppressFinalize(object). This will prevent derived types that introduce a finalizer from needing to re-implement 'IDisposable' to call it. (https://learn.microsoft.com/dotnet/fundamentals/code-analysis/quality-rules/ca1816) [C:\development\fractaldataworks\Developer-Kit\tests\FractalDataWorks.Configuration.Tests\FractalDataWorks.Configuration.Tests.csproj]
C:\development\fractaldataworks\Developer-Kit\tests\FractalDataWorks.Configuration.Tests\ConfigurationBaseTests.cs(304,19): error CA1852: Type 'TestConfiguration' can be sealed because it has no subtypes in its containing assembly and is not externally visible (https://learn.microsoft.com/dotnet/fundamentals/code-analysis/quality-rules/ca1852) [C:\development\fractaldataworks\Developer-Kit\tests\FractalDataWorks.Configuration.Tests\FractalDataWorks.Configuration.Tests.csproj]
C:\development\fractaldataworks\Developer-Kit\tests\FractalDataWorks.Configuration.Tests\ConfigurationProviderBaseTests.cs(379,19): error CA1852: Type 'TestConfigurationProvider' can be sealed because it has no subtypes in its containing assembly and is not externally visible (https://learn.microsoft.com/dotnet/fundamentals/code-analysis/quality-rules/ca1852) [C:\development\fractaldataworks\Developer-Kit\tests\FractalDataWorks.Configuration.Tests\FractalDataWorks.Configuration.Tests.csproj]
C:\development\fractaldataworks\Developer-Kit\tests\FractalDataWorks.Configuration.Tests\ConfigurationProviderBaseTests.cs(395,19): error CA1852: Type 'TestConfiguration' can be sealed because it has no subtypes in its containing assembly and is not externally visible (https://learn.microsoft.com/dotnet/fundamentals/code-analysis/quality-rules/ca1852) [C:\development\fractaldataworks\Developer-Kit\tests\FractalDataWorks.Configuration.Tests\FractalDataWorks.Configuration.Tests.csproj]
C:\development\fractaldataworks\Developer-Kit\tests\FractalDataWorks.Configuration.Tests\ConfigurationBaseTests.cs(318,19): error CA1852: Type 'TestConfigurationValidator' can be sealed because it has no subtypes in its containing assembly and is not externally visible (https://learn.microsoft.com/dotnet/fundamentals/code-analysis/quality-rules/ca1852) [C:\development\fractaldataworks\Developer-Kit\tests\FractalDataWorks.Configuration.Tests\FractalDataWorks.Configuration.Tests.csproj]
C:\development\fractaldataworks\Developer-Kit\tests\FractalDataWorks.Configuration.Tests\ConfigurationProviderBaseTests.cs(407,19): error CA1852: Type 'TestConfigurationValidator' can be sealed because it has no subtypes in its containing assembly and is not externally visible (https://learn.microsoft.com/dotnet/fundamentals/code-analysis/quality-rules/ca1852) [C:\development\fractaldataworks\Developer-Kit\tests\FractalDataWorks.Configuration.Tests\FractalDataWorks.Configuration.Tests.csproj]
C:\development\fractaldataworks\Developer-Kit\tests\FractalDataWorks.Configuration.Tests\ConfigurationBaseTests.cs(329,19): error CA1852: Type 'NoValidatorConfiguration' can be sealed because it has no subtypes in its containing assembly and is not externally visible (https://learn.microsoft.com/dotnet/fundamentals/code-analysis/quality-rules/ca1852) [C:\development\fractaldataworks\Developer-Kit\tests\FractalDataWorks.Configuration.Tests\FractalDataWorks.Configuration.Tests.csproj]
  FractalDataWorks.DependencyInjection -> C:\development\fractaldataworks\Developer-Kit\src\FractalDataWorks.DependencyInjection\bin\Beta\net10.0\FractalDataWorks.DependencyInjection.dll
  FractalDataWorks.Services -> C:\development\fractaldataworks\Developer-Kit\src\FractalDataWorks.Services\bin\Beta\net10.0\FractalDataWorks.Services.dll
  FractalDataWorks.Services.ExternalConnections.Abstractions -> C:\development\fractaldataworks\Developer-Kit\src\FractalDataWorks.Services.ExternalConnections.Abstractions\bin\Beta\net10.0\FractalDataWorks.Services.ExternalConnections.Abstractions.dll
  FractalDataWorks.Services.SecretManagement.Abstractions -> C:\development\fractaldataworks\Developer-Kit\src\FractalDataWorks.Services.SecretManagement.Abstractions\bin\Beta\net10.0\FractalDataWorks.Services.SecretManagement.Abstractions.dll
  FractalDataWorks.Services.Scheduling.Abstractions -> C:\development\fractaldataworks\Developer-Kit\src\FractalDataWorks.Services.Scheduling.Abstractions\bin\Beta\net10.0\FractalDataWorks.Services.Scheduling.Abstractions.dll
  FractalDataWorks.DependencyInjection.Tests -> C:\development\fractaldataworks\Developer-Kit\tests\FractalDataWorks.DependencyInjection.Tests\bin\Beta\net10.0\FractalDataWorks.DependencyInjection.Tests.dll
  FractalDataWorks.Hosts -> C:\development\fractaldataworks\Developer-Kit\src\FractalDataWorks.Hosts\bin\Beta\net10.0\FractalDataWorks.Hosts.dll
  FractalDataWorks.Connections -> C:\development\fractaldataworks\Developer-Kit\src\FractalDataWorks.Connections\bin\Beta\net10.0\FractalDataWorks.Connections.dll
  FractalDataWorks.Tools -> C:\development\fractaldataworks\Developer-Kit\src\FractalDataWorks.Tools\bin\Beta\net10.0\FractalDataWorks.Tools.dll
  FractalDataWorks.Hosts.Tests -> C:\development\fractaldataworks\Developer-Kit\tests\FractalDataWorks.Hosts.Tests\bin\Beta\net10.0\FractalDataWorks.Hosts.Tests.dll
C:\development\fractaldataworks\Developer-Kit\tests\FractalDataWorks.Services.Tests\EnhancedEnumIntegrationTests.cs(122,33): error CA1822: Member 'Execute' does not access instance data and can be marked as static (https://learn.microsoft.com/dotnet/fundamentals/code-analysis/quality-rules/ca1822) [C:\development\fractaldataworks\Developer-Kit\tests\FractalDataWorks.Services.Tests\FractalDataWorks.Services.Tests.csproj]
C:\development\fractaldataworks\Developer-Kit\tests\FractalDataWorks.Services.Tests\EnhancedEnumIntegrationTests.cs(127,39): error CA1822: Member 'Execute' does not access instance data and can be marked as static (https://learn.microsoft.com/dotnet/fundamentals/code-analysis/quality-rules/ca1822) [C:\development\fractaldataworks\Developer-Kit\tests\FractalDataWorks.Services.Tests\FractalDataWorks.Services.Tests.csproj]
C:\development\fractaldataworks\Developer-Kit\tests\FractalDataWorks.Services.Tests\EnhancedEnumIntegrationTests.cs(118,23): error CA1822: Member 'Name' does not access instance data and can be marked as static (https://learn.microsoft.com/dotnet/fundamentals/code-analysis/quality-rules/ca1822) [C:\development\fractaldataworks\Developer-Kit\tests\FractalDataWorks.Services.Tests\FractalDataWorks.Services.Tests.csproj]
C:\development\fractaldataworks\Developer-Kit\tests\FractalDataWorks.Services.Tests\EnhancedEnumIntegrationTests.cs(145,21): error CA1822: Member 'CopyTo' does not access instance data and can be marked as static (https://learn.microsoft.com/dotnet/fundamentals/code-analysis/quality-rules/ca1822) [C:\development\fractaldataworks\Developer-Kit\tests\FractalDataWorks.Services.Tests\FractalDataWorks.Services.Tests.csproj]
C:\development\fractaldataworks\Developer-Kit\tests\FractalDataWorks.Services.Tests\ServiceCollectionExtensionsTests.cs(346,33): error CA1822: Member 'Execute' does not access instance data and can be marked as static (https://learn.microsoft.com/dotnet/fundamentals/code-analysis/quality-rules/ca1822) [C:\development\fractaldataworks\Developer-Kit\tests\FractalDataWorks.Services.Tests\FractalDataWorks.Services.Tests.csproj]
C:\development\fractaldataworks\Developer-Kit\tests\FractalDataWorks.Services.Tests\ServiceCollectionExtensionsTests.cs(341,39): error CA1822: Member 'Execute' does not access instance data and can be marked as static (https://learn.microsoft.com/dotnet/fundamentals/code-analysis/quality-rules/ca1822) [C:\development\fractaldataworks\Developer-Kit\tests\FractalDataWorks.Services.Tests\FractalDataWorks.Services.Tests.csproj]
C:\development\fractaldataworks\Developer-Kit\tests\FractalDataWorks.Services.Tests\ServiceCollectionExtensionsTests.cs(339,23): error CA1822: Member 'Name' does not access instance data and can be marked as static (https://learn.microsoft.com/dotnet/fundamentals/code-analysis/quality-rules/ca1822) [C:\development\fractaldataworks\Developer-Kit\tests\FractalDataWorks.Services.Tests\FractalDataWorks.Services.Tests.csproj]
C:\development\fractaldataworks\Developer-Kit\tests\FractalDataWorks.Connections.Tests\ConnectionTypeBaseTests.cs(156,19): error CA1852: Type 'TestConnectionType' can be sealed because it has no subtypes in its containing assembly and is not externally visible (https://learn.microsoft.com/dotnet/fundamentals/code-analysis/quality-rules/ca1852) [C:\development\fractaldataworks\Developer-Kit\tests\FractalDataWorks.Connections.Tests\FractalDataWorks.Connections.Tests.csproj]
C:\development\fractaldataworks\Developer-Kit\tests\FractalDataWorks.Tools.Tests\ToolTypeBaseTests.cs(156,19): error CA1852: Type 'TestToolType' can be sealed because it has no subtypes in its containing assembly and is not externally visible (https://learn.microsoft.com/dotnet/fundamentals/code-analysis/quality-rules/ca1852) [C:\development\fractaldataworks\Developer-Kit\tests\FractalDataWorks.Tools.Tests\FractalDataWorks.Tools.Tests.csproj]
  FractalDataWorks.Services.DataProviders.Abstractions -> C:\development\fractaldataworks\Developer-Kit\src\FractalDataWorks.Services.DataProviders.Abstractions\bin\Beta\net10.0\FractalDataWorks.Services.DataProviders.Abstractions.dll
C:\development\fractaldataworks\Developer-Kit\src\FractalDataWorks.Connections.Stream\StreamConnectionError.cs(8,14): error CA1710: Rename FractalDataWorks.Connections.Stream.StreamConnectionError to end in 'Exception' (https://learn.microsoft.com/dotnet/fundamentals/code-analysis/quality-rules/ca1710) [C:\development\fractaldataworks\Developer-Kit\src\FractalDataWorks.Connections.Stream\FractalDataWorks.Connections.Stream.csproj]
C:\development\fractaldataworks\Developer-Kit\src\FractalDataWorks.Connections.Stream\StreamConnectionError.cs(8,14): error RCS1194: Implement exception constructors (https://josefpihrt.github.io/docs/roslynator/analyzers/RCS1194) [C:\development\fractaldataworks\Developer-Kit\src\FractalDataWorks.Connections.Stream\FractalDataWorks.Connections.Stream.csproj]
C:\development\fractaldataworks\Developer-Kit\src\FractalDataWorks.Connections.Stream\StreamConnectionConfiguration.cs(50,41): error CA1805: Member 'AutoFlush' is explicitly initialized to its default value (https://learn.microsoft.com/dotnet/fundamentals/code-analysis/quality-rules/ca1805) [C:\development\fractaldataworks\Developer-Kit\src\FractalDataWorks.Connections.Stream\FractalDataWorks.Connections.Stream.csproj]
C:\development\fractaldataworks\Developer-Kit\src\FractalDataWorks.Connections.Stream\StreamConnectionConfiguration.cs(55,46): error CA1805: Member 'InitialCapacity' is explicitly initialized to its default value (https://learn.microsoft.com/dotnet/fundamentals/code-analysis/quality-rules/ca1805) [C:\development\fractaldataworks\Developer-Kit\src\FractalDataWorks.Connections.Stream\FractalDataWorks.Connections.Stream.csproj]
C:\development\fractaldataworks\Developer-Kit\src\FractalDataWorks.Connections.Stream\StreamCommand.cs(64,22): error MA0004: Use Task.ConfigureAwait(false) if the current SynchronizationContext is not needed (https://github.com/meziantou/Meziantou.Analyzer/blob/main/docs/Rules/MA0004.md) [C:\development\fractaldataworks\Developer-Kit\src\FractalDataWorks.Connections.Stream\FractalDataWorks.Connections.Stream.csproj]
C:\development\fractaldataworks\Developer-Kit\src\FractalDataWorks.Connections.Stream\StreamConnection.cs(155,5): error AsyncFixer01: The method 'ExecuteCore' does not need to use async/await. (https://github.com/semihokur/AsyncFixer) [C:\development\fractaldataworks\Developer-Kit\src\FractalDataWorks.Connections.Stream\FractalDataWorks.Connections.Stream.csproj]
C:\development\fractaldataworks\Developer-Kit\src\FractalDataWorks.Connections.Stream\StreamConnection.cs(83,20): error MA0004: Use Task.ConfigureAwait(false) if the current SynchronizationContext is not needed (https://github.com/meziantou/Meziantou.Analyzer/blob/main/docs/Rules/MA0004.md) [C:\development\fractaldataworks\Developer-Kit\src\FractalDataWorks.Connections.Stream\FractalDataWorks.Connections.Stream.csproj]
C:\development\fractaldataworks\Developer-Kit\src\FractalDataWorks.Connections.Stream\StreamConnection.cs(158,16): error MA0004: Use Task.ConfigureAwait(false) if the current SynchronizationContext is not needed (https://github.com/meziantou/Meziantou.Analyzer/blob/main/docs/Rules/MA0004.md) [C:\development\fractaldataworks\Developer-Kit\src\FractalDataWorks.Connections.Stream\FractalDataWorks.Connections.Stream.csproj]
C:\development\fractaldataworks\Developer-Kit\src\FractalDataWorks.Connections.Stream\StreamConnection.cs(164,32): error MA0004: Use Task.ConfigureAwait(false) if the current SynchronizationContext is not needed (https://github.com/meziantou/Meziantou.Analyzer/blob/main/docs/Rules/MA0004.md) [C:\development\fractaldataworks\Developer-Kit\src\FractalDataWorks.Connections.Stream\FractalDataWorks.Connections.Stream.csproj]
C:\development\fractaldataworks\Developer-Kit\src\FractalDataWorks.Connections.Stream\StreamConnection.cs(171,16): error MA0004: Use Task.ConfigureAwait(false) if the current SynchronizationContext is not needed (https://github.com/meziantou/Meziantou.Analyzer/blob/main/docs/Rules/MA0004.md) [C:\development\fractaldataworks\Developer-Kit\src\FractalDataWorks.Connections.Stream\FractalDataWorks.Connections.Stream.csproj]
C:\development\fractaldataworks\Developer-Kit\src\FractalDataWorks.Connections.Stream\StreamConnection.cs(110,24): error MA0004: Use Task.ConfigureAwait(false) if the current SynchronizationContext is not needed (https://github.com/meziantou/Meziantou.Analyzer/blob/main/docs/Rules/MA0004.md) [C:\development\fractaldataworks\Developer-Kit\src\FractalDataWorks.Connections.Stream\FractalDataWorks.Connections.Stream.csproj]
C:\development\fractaldataworks\Developer-Kit\src\FractalDataWorks.Connections.Stream\StreamConnection.cs(177,22): error MA0004: Use Task.ConfigureAwait(false) if the current SynchronizationContext is not needed (https://github.com/meziantou/Meziantou.Analyzer/blob/main/docs/Rules/MA0004.md) [C:\development\fractaldataworks\Developer-Kit\src\FractalDataWorks.Connections.Stream\FractalDataWorks.Connections.Stream.csproj]
C:\development\fractaldataworks\Developer-Kit\src\FractalDataWorks.Connections.Stream\StreamConnection.cs(141,41): error MA0004: Use Task.ConfigureAwait(false) if the current SynchronizationContext is not needed (https://github.com/meziantou/Meziantou.Analyzer/blob/main/docs/Rules/MA0004.md) [C:\development\fractaldataworks\Developer-Kit\src\FractalDataWorks.Connections.Stream\FractalDataWorks.Connections.Stream.csproj]
C:\development\fractaldataworks\Developer-Kit\src\FractalDataWorks.Connections.Stream\StreamConnection.cs(79,26): error VSTHRD103: Dispose synchronously blocks. Await DisposeAsync instead. (https://microsoft.github.io/vs-threading/analyzers/VSTHRD103.html) [C:\development\fractaldataworks\Developer-Kit\src\FractalDataWorks.Connections.Stream\FractalDataWorks.Connections.Stream.csproj]
C:\development\fractaldataworks\Developer-Kit\src\FractalDataWorks.Connections.Stream\StreamConnection.cs(142,42): error MA0004: Use Task.ConfigureAwait(false) if the current SynchronizationContext is not needed (https://github.com/meziantou/Meziantou.Analyzer/blob/main/docs/Rules/MA0004.md) [C:\development\fractaldataworks\Developer-Kit\src\FractalDataWorks.Connections.Stream\FractalDataWorks.Connections.Stream.csproj]
C:\development\fractaldataworks\Developer-Kit\src\FractalDataWorks.Connections.Stream\StreamConnection.cs(143,41): error MA0004: Use Task.ConfigureAwait(false) if the current SynchronizationContext is not needed (https://github.com/meziantou/Meziantou.Analyzer/blob/main/docs/Rules/MA0004.md) [C:\development\fractaldataworks\Developer-Kit\src\FractalDataWorks.Connections.Stream\FractalDataWorks.Connections.Stream.csproj]
C:\development\fractaldataworks\Developer-Kit\src\FractalDataWorks.Connections.Stream\StreamConnection.cs(144,44): error MA0004: Use Task.ConfigureAwait(false) if the current SynchronizationContext is not needed (https://github.com/meziantou/Meziantou.Analyzer/blob/main/docs/Rules/MA0004.md) [C:\development\fractaldataworks\Developer-Kit\src\FractalDataWorks.Connections.Stream\FractalDataWorks.Connections.Stream.csproj]
C:\development\fractaldataworks\Developer-Kit\src\FractalDataWorks.Connections.Stream\StreamConnection.cs(59,26): error VSTHRD103: Dispose synchronously blocks. Await DisposeAsync instead. (https://microsoft.github.io/vs-threading/analyzers/VSTHRD103.html) [C:\development\fractaldataworks\Developer-Kit\src\FractalDataWorks.Connections.Stream\FractalDataWorks.Connections.Stream.csproj]
C:\development\fractaldataworks\Developer-Kit\src\FractalDataWorks.Connections.Stream\StreamConnection.cs(211,31): error CA1835: Change the 'ReadAsync' method call to use the 'Stream.ReadAsync(Memory<byte>, CancellationToken)' overload (https://learn.microsoft.com/dotnet/fundamentals/code-analysis/quality-rules/ca1835) [C:\development\fractaldataworks\Developer-Kit\src\FractalDataWorks.Connections.Stream\FractalDataWorks.Connections.Stream.csproj]
C:\development\fractaldataworks\Developer-Kit\src\FractalDataWorks.Connections.Stream\StreamConnection.cs(283,5): error AsyncFixer01: The method 'ExecuteGetInfoAsync' does not need to use async/await. (https://github.com/semihokur/AsyncFixer) [C:\development\fractaldataworks\Developer-Kit\src\FractalDataWorks.Connections.Stream\FractalDataWorks.Connections.Stream.csproj]
C:\development\fractaldataworks\Developer-Kit\src\FractalDataWorks.Connections.Stream\StreamConnection.cs(277,20): error MA0004: Use Task.ConfigureAwait(false) if the current SynchronizationContext is not needed (https://github.com/meziantou/Meziantou.Analyzer/blob/main/docs/Rules/MA0004.md) [C:\development\fractaldataworks\Developer-Kit\src\FractalDataWorks.Connections.Stream\FractalDataWorks.Connections.Stream.csproj]
C:\development\fractaldataworks\Developer-Kit\src\FractalDataWorks.Connections.Stream\StreamConnection.cs(280,16): error MA0004: Use Task.ConfigureAwait(false) if the current SynchronizationContext is not needed (https://github.com/meziantou/Meziantou.Analyzer/blob/main/docs/Rules/MA0004.md) [C:\development\fractaldataworks\Developer-Kit\src\FractalDataWorks.Connections.Stream\FractalDataWorks.Connections.Stream.csproj]
C:\development\fractaldataworks\Developer-Kit\src\FractalDataWorks.Connections.Stream\StreamConnection.cs(247,15): error CA1835: Change the 'WriteAsync' method call to use the 'Stream.WriteAsync(ReadOnlyMemory<byte>, CancellationToken)' overload (https://learn.microsoft.com/dotnet/fundamentals/code-analysis/quality-rules/ca1835) [C:\development\fractaldataworks\Developer-Kit\src\FractalDataWorks.Connections.Stream\FractalDataWorks.Connections.Stream.csproj]
C:\development\fractaldataworks\Developer-Kit\src\FractalDataWorks.Connections.Stream\StreamConnection.cs(300,20): error MA0004: Use Task.ConfigureAwait(false) if the current SynchronizationContext is not needed (https://github.com/meziantou/Meziantou.Analyzer/blob/main/docs/Rules/MA0004.md) [C:\development\fractaldataworks\Developer-Kit\src\FractalDataWorks.Connections.Stream\FractalDataWorks.Connections.Stream.csproj]
C:\development\fractaldataworks\Developer-Kit\src\FractalDataWorks.Connections.Stream\StreamConnection.cs(303,16): error MA0004: Use Task.ConfigureAwait(false) if the current SynchronizationContext is not needed (https://github.com/meziantou/Meziantou.Analyzer/blob/main/docs/Rules/MA0004.md) [C:\development\fractaldataworks\Developer-Kit\src\FractalDataWorks.Connections.Stream\FractalDataWorks.Connections.Stream.csproj]
C:\development\fractaldataworks\Developer-Kit\src\FractalDataWorks.Connections.Stream\ValidationErrorAdapter.cs(9,16): error CA1852: Type 'ValidationErrorAdapter' can be sealed because it has no subtypes in its containing assembly and is not externally visible (https://learn.microsoft.com/dotnet/fundamentals/code-analysis/quality-rules/ca1852) [C:\development\fractaldataworks\Developer-Kit\src\FractalDataWorks.Connections.Stream\FractalDataWorks.Connections.Stream.csproj]
C:\development\fractaldataworks\Developer-Kit\src\FractalDataWorks.Connections.Stream\ValidationResultAdapter.cs(11,16): error CA1852: Type 'ValidationResultAdapter' can be sealed because it has no subtypes in its containing assembly and is not externally visible (https://learn.microsoft.com/dotnet/fundamentals/code-analysis/quality-rules/ca1852) [C:\development\fractaldataworks\Developer-Kit\src\FractalDataWorks.Connections.Stream\FractalDataWorks.Connections.Stream.csproj]
C:\development\fractaldataworks\Developer-Kit\src\FractalDataWorks.Connections.Stream\StreamConnection.cs(21,29): error MA0158: Use System.Threading.Lock (https://github.com/meziantou/Meziantou.Analyzer/blob/main/docs/Rules/MA0158.md) [C:\development\fractaldataworks\Developer-Kit\src\FractalDataWorks.Connections.Stream\FractalDataWorks.Connections.Stream.csproj]
  FractalDataWorks.Services.Transformations.Abstractions -> C:\development\fractaldataworks\Developer-Kit\src\FractalDataWorks.Services.Transformations.Abstractions\bin\Beta\net10.0\FractalDataWorks.Services.Transformations.Abstractions.dll

Build FAILED.

C:\development\fractaldataworks\Developer-Kit\tests\FractalDataWorks.Configuration.Tests\ConfigurationProviderBaseTests.cs(373,17): error CA1816: Change ConfigurationProviderBaseTests.Dispose() to call GC.SuppressFinalize(object). This will prevent derived types that introduce a finalizer from needing to re-implement 'IDisposable' to call it. (https://learn.microsoft.com/dotnet/fundamentals/code-analysis/quality-rules/ca1816) [C:\development\fractaldataworks\Developer-Kit\tests\FractalDataWorks.Configuration.Tests\FractalDataWorks.Configuration.Tests.csproj]
C:\development\fractaldataworks\Developer-Kit\tests\FractalDataWorks.Configuration.Tests\ConfigurationBaseTests.cs(304,19): error CA1852: Type 'TestConfiguration' can be sealed because it has no subtypes in its containing assembly and is not externally visible (https://learn.microsoft.com/dotnet/fundamentals/code-analysis/quality-rules/ca1852) [C:\development\fractaldataworks\Developer-Kit\tests\FractalDataWorks.Configuration.Tests\FractalDataWorks.Configuration.Tests.csproj]
C:\development\fractaldataworks\Developer-Kit\tests\FractalDataWorks.Configuration.Tests\ConfigurationProviderBaseTests.cs(379,19): error CA1852: Type 'TestConfigurationProvider' can be sealed because it has no subtypes in its containing assembly and is not externally visible (https://learn.microsoft.com/dotnet/fundamentals/code-analysis/quality-rules/ca1852) [C:\development\fractaldataworks\Developer-Kit\tests\FractalDataWorks.Configuration.Tests\FractalDataWorks.Configuration.Tests.csproj]
C:\development\fractaldataworks\Developer-Kit\tests\FractalDataWorks.Configuration.Tests\ConfigurationProviderBaseTests.cs(395,19): error CA1852: Type 'TestConfiguration' can be sealed because it has no subtypes in its containing assembly and is not externally visible (https://learn.microsoft.com/dotnet/fundamentals/code-analysis/quality-rules/ca1852) [C:\development\fractaldataworks\Developer-Kit\tests\FractalDataWorks.Configuration.Tests\FractalDataWorks.Configuration.Tests.csproj]
C:\development\fractaldataworks\Developer-Kit\tests\FractalDataWorks.Configuration.Tests\ConfigurationBaseTests.cs(318,19): error CA1852: Type 'TestConfigurationValidator' can be sealed because it has no subtypes in its containing assembly and is not externally visible (https://learn.microsoft.com/dotnet/fundamentals/code-analysis/quality-rules/ca1852) [C:\development\fractaldataworks\Developer-Kit\tests\FractalDataWorks.Configuration.Tests\FractalDataWorks.Configuration.Tests.csproj]
C:\development\fractaldataworks\Developer-Kit\tests\FractalDataWorks.Configuration.Tests\ConfigurationProviderBaseTests.cs(407,19): error CA1852: Type 'TestConfigurationValidator' can be sealed because it has no subtypes in its containing assembly and is not externally visible (https://learn.microsoft.com/dotnet/fundamentals/code-analysis/quality-rules/ca1852) [C:\development\fractaldataworks\Developer-Kit\tests\FractalDataWorks.Configuration.Tests\FractalDataWorks.Configuration.Tests.csproj]
C:\development\fractaldataworks\Developer-Kit\tests\FractalDataWorks.Configuration.Tests\ConfigurationBaseTests.cs(329,19): error CA1852: Type 'NoValidatorConfiguration' can be sealed because it has no subtypes in its containing assembly and is not externally visible (https://learn.microsoft.com/dotnet/fundamentals/code-analysis/quality-rules/ca1852) [C:\development\fractaldataworks\Developer-Kit\tests\FractalDataWorks.Configuration.Tests\FractalDataWorks.Configuration.Tests.csproj]
C:\development\fractaldataworks\Developer-Kit\tests\FractalDataWorks.Services.Tests\EnhancedEnumIntegrationTests.cs(122,33): error CA1822: Member 'Execute' does not access instance data and can be marked as static (https://learn.microsoft.com/dotnet/fundamentals/code-analysis/quality-rules/ca1822) [C:\development\fractaldataworks\Developer-Kit\tests\FractalDataWorks.Services.Tests\FractalDataWorks.Services.Tests.csproj]
C:\development\fractaldataworks\Developer-Kit\tests\FractalDataWorks.Services.Tests\EnhancedEnumIntegrationTests.cs(127,39): error CA1822: Member 'Execute' does not access instance data and can be marked as static (https://learn.microsoft.com/dotnet/fundamentals/code-analysis/quality-rules/ca1822) [C:\development\fractaldataworks\Developer-Kit\tests\FractalDataWorks.Services.Tests\FractalDataWorks.Services.Tests.csproj]
C:\development\fractaldataworks\Developer-Kit\tests\FractalDataWorks.Services.Tests\EnhancedEnumIntegrationTests.cs(118,23): error CA1822: Member 'Name' does not access instance data and can be marked as static (https://learn.microsoft.com/dotnet/fundamentals/code-analysis/quality-rules/ca1822) [C:\development\fractaldataworks\Developer-Kit\tests\FractalDataWorks.Services.Tests\FractalDataWorks.Services.Tests.csproj]
C:\development\fractaldataworks\Developer-Kit\tests\FractalDataWorks.Services.Tests\EnhancedEnumIntegrationTests.cs(145,21): error CA1822: Member 'CopyTo' does not access instance data and can be marked as static (https://learn.microsoft.com/dotnet/fundamentals/code-analysis/quality-rules/ca1822) [C:\development\fractaldataworks\Developer-Kit\tests\FractalDataWorks.Services.Tests\FractalDataWorks.Services.Tests.csproj]
C:\development\fractaldataworks\Developer-Kit\tests\FractalDataWorks.Services.Tests\ServiceCollectionExtensionsTests.cs(346,33): error CA1822: Member 'Execute' does not access instance data and can be marked as static (https://learn.microsoft.com/dotnet/fundamentals/code-analysis/quality-rules/ca1822) [C:\development\fractaldataworks\Developer-Kit\tests\FractalDataWorks.Services.Tests\FractalDataWorks.Services.Tests.csproj]
C:\development\fractaldataworks\Developer-Kit\tests\FractalDataWorks.Services.Tests\ServiceCollectionExtensionsTests.cs(341,39): error CA1822: Member 'Execute' does not access instance data and can be marked as static (https://learn.microsoft.com/dotnet/fundamentals/code-analysis/quality-rules/ca1822) [C:\development\fractaldataworks\Developer-Kit\tests\FractalDataWorks.Services.Tests\FractalDataWorks.Services.Tests.csproj]
C:\development\fractaldataworks\Developer-Kit\tests\FractalDataWorks.Services.Tests\ServiceCollectionExtensionsTests.cs(339,23): error CA1822: Member 'Name' does not access instance data and can be marked as static (https://learn.microsoft.com/dotnet/fundamentals/code-analysis/quality-rules/ca1822) [C:\development\fractaldataworks\Developer-Kit\tests\FractalDataWorks.Services.Tests\FractalDataWorks.Services.Tests.csproj]
C:\development\fractaldataworks\Developer-Kit\tests\FractalDataWorks.Connections.Tests\ConnectionTypeBaseTests.cs(156,19): error CA1852: Type 'TestConnectionType' can be sealed because it has no subtypes in its containing assembly and is not externally visible (https://learn.microsoft.com/dotnet/fundamentals/code-analysis/quality-rules/ca1852) [C:\development\fractaldataworks\Developer-Kit\tests\FractalDataWorks.Connections.Tests\FractalDataWorks.Connections.Tests.csproj]
C:\development\fractaldataworks\Developer-Kit\tests\FractalDataWorks.Tools.Tests\ToolTypeBaseTests.cs(156,19): error CA1852: Type 'TestToolType' can be sealed because it has no subtypes in its containing assembly and is not externally visible (https://learn.microsoft.com/dotnet/fundamentals/code-analysis/quality-rules/ca1852) [C:\development\fractaldataworks\Developer-Kit\tests\FractalDataWorks.Tools.Tests\FractalDataWorks.Tools.Tests.csproj]
C:\development\fractaldataworks\Developer-Kit\src\FractalDataWorks.Connections.Stream\StreamConnectionError.cs(8,14): error CA1710: Rename FractalDataWorks.Connections.Stream.StreamConnectionError to end in 'Exception' (https://learn.microsoft.com/dotnet/fundamentals/code-analysis/quality-rules/ca1710) [C:\development\fractaldataworks\Developer-Kit\src\FractalDataWorks.Connections.Stream\FractalDataWorks.Connections.Stream.csproj]
C:\development\fractaldataworks\Developer-Kit\src\FractalDataWorks.Connections.Stream\StreamConnectionError.cs(8,14): error RCS1194: Implement exception constructors (https://josefpihrt.github.io/docs/roslynator/analyzers/RCS1194) [C:\development\fractaldataworks\Developer-Kit\src\FractalDataWorks.Connections.Stream\FractalDataWorks.Connections.Stream.csproj]
C:\development\fractaldataworks\Developer-Kit\src\FractalDataWorks.Connections.Stream\StreamConnectionConfiguration.cs(50,41): error CA1805: Member 'AutoFlush' is explicitly initialized to its default value (https://learn.microsoft.com/dotnet/fundamentals/code-analysis/quality-rules/ca1805) [C:\development\fractaldataworks\Developer-Kit\src\FractalDataWorks.Connections.Stream\FractalDataWorks.Connections.Stream.csproj]
C:\development\fractaldataworks\Developer-Kit\src\FractalDataWorks.Connections.Stream\StreamConnectionConfiguration.cs(55,46): error CA1805: Member 'InitialCapacity' is explicitly initialized to its default value (https://learn.microsoft.com/dotnet/fundamentals/code-analysis/quality-rules/ca1805) [C:\development\fractaldataworks\Developer-Kit\src\FractalDataWorks.Connections.Stream\FractalDataWorks.Connections.Stream.csproj]
C:\development\fractaldataworks\Developer-Kit\src\FractalDataWorks.Connections.Stream\StreamCommand.cs(64,22): error MA0004: Use Task.ConfigureAwait(false) if the current SynchronizationContext is not needed (https://github.com/meziantou/Meziantou.Analyzer/blob/main/docs/Rules/MA0004.md) [C:\development\fractaldataworks\Developer-Kit\src\FractalDataWorks.Connections.Stream\FractalDataWorks.Connections.Stream.csproj]
C:\development\fractaldataworks\Developer-Kit\src\FractalDataWorks.Connections.Stream\StreamConnection.cs(155,5): error AsyncFixer01: The method 'ExecuteCore' does not need to use async/await. (https://github.com/semihokur/AsyncFixer) [C:\development\fractaldataworks\Developer-Kit\src\FractalDataWorks.Connections.Stream\FractalDataWorks.Connections.Stream.csproj]
C:\development\fractaldataworks\Developer-Kit\src\FractalDataWorks.Connections.Stream\StreamConnection.cs(83,20): error MA0004: Use Task.ConfigureAwait(false) if the current SynchronizationContext is not needed (https://github.com/meziantou/Meziantou.Analyzer/blob/main/docs/Rules/MA0004.md) [C:\development\fractaldataworks\Developer-Kit\src\FractalDataWorks.Connections.Stream\FractalDataWorks.Connections.Stream.csproj]
C:\development\fractaldataworks\Developer-Kit\src\FractalDataWorks.Connections.Stream\StreamConnection.cs(158,16): error MA0004: Use Task.ConfigureAwait(false) if the current SynchronizationContext is not needed (https://github.com/meziantou/Meziantou.Analyzer/blob/main/docs/Rules/MA0004.md) [C:\development\fractaldataworks\Developer-Kit\src\FractalDataWorks.Connections.Stream\FractalDataWorks.Connections.Stream.csproj]
C:\development\fractaldataworks\Developer-Kit\src\FractalDataWorks.Connections.Stream\StreamConnection.cs(164,32): error MA0004: Use Task.ConfigureAwait(false) if the current SynchronizationContext is not needed (https://github.com/meziantou/Meziantou.Analyzer/blob/main/docs/Rules/MA0004.md) [C:\development\fractaldataworks\Developer-Kit\src\FractalDataWorks.Connections.Stream\FractalDataWorks.Connections.Stream.csproj]
C:\development\fractaldataworks\Developer-Kit\src\FractalDataWorks.Connections.Stream\StreamConnection.cs(171,16): error MA0004: Use Task.ConfigureAwait(false) if the current SynchronizationContext is not needed (https://github.com/meziantou/Meziantou.Analyzer/blob/main/docs/Rules/MA0004.md) [C:\development\fractaldataworks\Developer-Kit\src\FractalDataWorks.Connections.Stream\FractalDataWorks.Connections.Stream.csproj]
C:\development\fractaldataworks\Developer-Kit\src\FractalDataWorks.Connections.Stream\StreamConnection.cs(110,24): error MA0004: Use Task.ConfigureAwait(false) if the current SynchronizationContext is not needed (https://github.com/meziantou/Meziantou.Analyzer/blob/main/docs/Rules/MA0004.md) [C:\development\fractaldataworks\Developer-Kit\src\FractalDataWorks.Connections.Stream\FractalDataWorks.Connections.Stream.csproj]
C:\development\fractaldataworks\Developer-Kit\src\FractalDataWorks.Connections.Stream\StreamConnection.cs(177,22): error MA0004: Use Task.ConfigureAwait(false) if the current SynchronizationContext is not needed (https://github.com/meziantou/Meziantou.Analyzer/blob/main/docs/Rules/MA0004.md) [C:\development\fractaldataworks\Developer-Kit\src\FractalDataWorks.Connections.Stream\FractalDataWorks.Connections.Stream.csproj]
C:\development\fractaldataworks\Developer-Kit\src\FractalDataWorks.Connections.Stream\StreamConnection.cs(141,41): error MA0004: Use Task.ConfigureAwait(false) if the current SynchronizationContext is not needed (https://github.com/meziantou/Meziantou.Analyzer/blob/main/docs/Rules/MA0004.md) [C:\development\fractaldataworks\Developer-Kit\src\FractalDataWorks.Connections.Stream\FractalDataWorks.Connections.Stream.csproj]
C:\development\fractaldataworks\Developer-Kit\src\FractalDataWorks.Connections.Stream\StreamConnection.cs(79,26): error VSTHRD103: Dispose synchronously blocks. Await DisposeAsync instead. (https://microsoft.github.io/vs-threading/analyzers/VSTHRD103.html) [C:\development\fractaldataworks\Developer-Kit\src\FractalDataWorks.Connections.Stream\FractalDataWorks.Connections.Stream.csproj]
C:\development\fractaldataworks\Developer-Kit\src\FractalDataWorks.Connections.Stream\StreamConnection.cs(142,42): error MA0004: Use Task.ConfigureAwait(false) if the current SynchronizationContext is not needed (https://github.com/meziantou/Meziantou.Analyzer/blob/main/docs/Rules/MA0004.md) [C:\development\fractaldataworks\Developer-Kit\src\FractalDataWorks.Connections.Stream\FractalDataWorks.Connections.Stream.csproj]
C:\development\fractaldataworks\Developer-Kit\src\FractalDataWorks.Connections.Stream\StreamConnection.cs(143,41): error MA0004: Use Task.ConfigureAwait(false) if the current SynchronizationContext is not needed (https://github.com/meziantou/Meziantou.Analyzer/blob/main/docs/Rules/MA0004.md) [C:\development\fractaldataworks\Developer-Kit\src\FractalDataWorks.Connections.Stream\FractalDataWorks.Connections.Stream.csproj]
C:\development\fractaldataworks\Developer-Kit\src\FractalDataWorks.Connections.Stream\StreamConnection.cs(144,44): error MA0004: Use Task.ConfigureAwait(false) if the current SynchronizationContext is not needed (https://github.com/meziantou/Meziantou.Analyzer/blob/main/docs/Rules/MA0004.md) [C:\development\fractaldataworks\Developer-Kit\src\FractalDataWorks.Connections.Stream\FractalDataWorks.Connections.Stream.csproj]
C:\development\fractaldataworks\Developer-Kit\src\FractalDataWorks.Connections.Stream\StreamConnection.cs(59,26): error VSTHRD103: Dispose synchronously blocks. Await DisposeAsync instead. (https://microsoft.github.io/vs-threading/analyzers/VSTHRD103.html) [C:\development\fractaldataworks\Developer-Kit\src\FractalDataWorks.Connections.Stream\FractalDataWorks.Connections.Stream.csproj]
C:\development\fractaldataworks\Developer-Kit\src\FractalDataWorks.Connections.Stream\StreamConnection.cs(211,31): error CA1835: Change the 'ReadAsync' method call to use the 'Stream.ReadAsync(Memory<byte>, CancellationToken)' overload (https://learn.microsoft.com/dotnet/fundamentals/code-analysis/quality-rules/ca1835) [C:\development\fractaldataworks\Developer-Kit\src\FractalDataWorks.Connections.Stream\FractalDataWorks.Connections.Stream.csproj]
C:\development\fractaldataworks\Developer-Kit\src\FractalDataWorks.Connections.Stream\StreamConnection.cs(283,5): error AsyncFixer01: The method 'ExecuteGetInfoAsync' does not need to use async/await. (https://github.com/semihokur/AsyncFixer) [C:\development\fractaldataworks\Developer-Kit\src\FractalDataWorks.Connections.Stream\FractalDataWorks.Connections.Stream.csproj]
C:\development\fractaldataworks\Developer-Kit\src\FractalDataWorks.Connections.Stream\StreamConnection.cs(277,20): error MA0004: Use Task.ConfigureAwait(false) if the current SynchronizationContext is not needed (https://github.com/meziantou/Meziantou.Analyzer/blob/main/docs/Rules/MA0004.md) [C:\development\fractaldataworks\Developer-Kit\src\FractalDataWorks.Connections.Stream\FractalDataWorks.Connections.Stream.csproj]
C:\development\fractaldataworks\Developer-Kit\src\FractalDataWorks.Connections.Stream\StreamConnection.cs(280,16): error MA0004: Use Task.ConfigureAwait(false) if the current SynchronizationContext is not needed (https://github.com/meziantou/Meziantou.Analyzer/blob/main/docs/Rules/MA0004.md) [C:\development\fractaldataworks\Developer-Kit\src\FractalDataWorks.Connections.Stream\FractalDataWorks.Connections.Stream.csproj]
C:\development\fractaldataworks\Developer-Kit\src\FractalDataWorks.Connections.Stream\StreamConnection.cs(247,15): error CA1835: Change the 'WriteAsync' method call to use the 'Stream.WriteAsync(ReadOnlyMemory<byte>, CancellationToken)' overload (https://learn.microsoft.com/dotnet/fundamentals/code-analysis/quality-rules/ca1835) [C:\development\fractaldataworks\Developer-Kit\src\FractalDataWorks.Connections.Stream\FractalDataWorks.Connections.Stream.csproj]
C:\development\fractaldataworks\Developer-Kit\src\FractalDataWorks.Connections.Stream\StreamConnection.cs(300,20): error MA0004: Use Task.ConfigureAwait(false) if the current SynchronizationContext is not needed (https://github.com/meziantou/Meziantou.Analyzer/blob/main/docs/Rules/MA0004.md) [C:\development\fractaldataworks\Developer-Kit\src\FractalDataWorks.Connections.Stream\FractalDataWorks.Connections.Stream.csproj]
C:\development\fractaldataworks\Developer-Kit\src\FractalDataWorks.Connections.Stream\StreamConnection.cs(303,16): error MA0004: Use Task.ConfigureAwait(false) if the current SynchronizationContext is not needed (https://github.com/meziantou/Meziantou.Analyzer/blob/main/docs/Rules/MA0004.md) [C:\development\fractaldataworks\Developer-Kit\src\FractalDataWorks.Connections.Stream\FractalDataWorks.Connections.Stream.csproj]
C:\development\fractaldataworks\Developer-Kit\src\FractalDataWorks.Connections.Stream\ValidationErrorAdapter.cs(9,16): error CA1852: Type 'ValidationErrorAdapter' can be sealed because it has no subtypes in its containing assembly and is not externally visible (https://learn.microsoft.com/dotnet/fundamentals/code-analysis/quality-rules/ca1852) [C:\development\fractaldataworks\Developer-Kit\src\FractalDataWorks.Connections.Stream\FractalDataWorks.Connections.Stream.csproj]
C:\development\fractaldataworks\Developer-Kit\src\FractalDataWorks.Connections.Stream\ValidationResultAdapter.cs(11,16): error CA1852: Type 'ValidationResultAdapter' can be sealed because it has no subtypes in its containing assembly and is not externally visible (https://learn.microsoft.com/dotnet/fundamentals/code-analysis/quality-rules/ca1852) [C:\development\fractaldataworks\Developer-Kit\src\FractalDataWorks.Connections.Stream\FractalDataWorks.Connections.Stream.csproj]
C:\development\fractaldataworks\Developer-Kit\src\FractalDataWorks.Connections.Stream\StreamConnection.cs(21,29): error MA0158: Use System.Threading.Lock (https://github.com/meziantou/Meziantou.Analyzer/blob/main/docs/Rules/MA0158.md) [C:\development\fractaldataworks\Developer-Kit\src\FractalDataWorks.Connections.Stream\FractalDataWorks.Connections.Stream.csproj]
    0 Warning(s)
    44 Error(s)

Time Elapsed 00:00:03.55
